    ┌──────────────────────────────────────────────────────────────────────┐
    │               • MobaXterm Professional Edition v24.2 •               │
    │               (SSH client, X server and network tools)               │
    │                                                                      │
    │ ⮞ SSH session to root@37.46.18.169                                   │
    │   • Direct SSH      :  ✓                                             │
    │   • SSH compression :  ✓                                             │
    │   • SSH-browser     :  ✓                                             │
    │   • X11-forwarding  :  ✓  (remote display is forwarded through SSH)  │
    │                                                                      │
    │ ⮞ For more info, ctrl+click on help or visit our website.            │
    └──────────────────────────────────────────────────────────────────────┘

Welcome to Ubuntu 22.04.2 LTS (GNU/Linux 5.15.0-75-generic x86_64)

 * Documentation:  https://help.ubuntu.com
 * Management:     https://landscape.canonical.com
 * Support:        https://ubuntu.com/advantage

This system has been minimized by removing packages and content that are
not required on a system that users do not log into.

To restore this content, you can run the 'unminimize' command.
New release '24.04.1 LTS' available.
Run 'do-release-upgrade' to upgrade to it.

Last login: Sat Jan 11 19:42:26 2025 from 77.239.200.71
root@matrix:~# apt update & apt upgrade -y
[1] 298141
Reading package lists... Done
Hit:1 http://archive.ubuntu.com/ubuntu jammy InRelease
Get:2 http://archive.ubuntu.com/ubuntu jammy-updates InRelease [128 kB]
Get:3 http://archive.ubuntu.com/ubuntu jammy-backports InRelease [127 kB]
Get:4 http://archive.ubuntu.com/ubuntu jammy-security InRelease [129 kB]
Building dependency tree... Done
Reading state information... Done
Calculating upgrade... Done
Get:5 http://archive.ubuntu.com/ubuntu jammy-updates/main amd64 Packages [2275 kB]
0% [5 Packages store 0 B]The following packages will be upgraded:
  apport apt base-files coreutils cryptsetup cryptsetup-bin cryptsetup-initramfs distro-info-data dpkg e2fsprogs
  firmware-sof-signed ifupdown initramfs-tools initramfs-tools-bin initramfs-tools-core kpartx libapt-pkg6.0
  libcom-err2 libcryptsetup12 libext2fs2 libip4tc2 libldap-2.5-0 libldap-common libnss-systemd libpam-systemd
  libpython3-stdlib libsgutils2-2 libss2 libsystemd0 libudev1 libxtables12 linux-firmware logsave multipath-tools
  python-apt-common python3 python3-apport python3-apt python3-distro-info python3-distupgrade python3-minimal
  python3-problem-report python3-update-manager sg3-utils sg3-utils-udev snapd systemd systemd-hwe-hwdb systemd-sysv
  systemd-timesyncd thermald tzdata ubuntu-release-upgrader-core udev
54 upgraded, 0 newly installed, 0 to remove and 0 not upgraded.
Need to get 357 MB of archives.
After this operation, 10.3 MB of additional disk space will be used.
Get:1 http://archive.ubuntu.com/ubuntu jammy-updates/main amd64 base-files amd64 12ubuntu4.7 [61.9 kB]
Get:2 http://archive.ubuntu.com/ubuntu jammy-updates/main amd64 coreutils amd64 8.32-4.1ubuntu1.2 [1437 kB]
Fetched 2659 kB in 1s (2208 kB/s)]
Get:3 http://archive.ubuntu.com/ubuntu jammy-updates/main amd64 systemd-timesyncd amd64 249.11-0ubuntu3.12 [31.2 kB]
Get:4 http://archive.ubuntu.com/ubuntu jammy-updates/main amd64 libsystemd0 amd64 249.11-0ubuntu3.12 [319 kB]
Get:5 http://archive.ubuntu.com/ubuntu jammy-updates/main amd64 libnss-systemd amd64 249.11-0ubuntu3.12 [133 kB]
Get:6 http://archive.ubuntu.com/ubuntu jammy-updates/main amd64 systemd-sysv amd64 249.11-0ubuntu3.12 [10.5 kB]
Get:7 http://archive.ubuntu.com/ubuntu jammy-updates/main amd64 libpam-systemd amd64 249.11-0ubuntu3.12 [203 kB]
Get:8 http://archive.ubuntu.com/ubuntu jammy-updates/universe amd64 ifupdown amd64 0.8.36+nmu1ubuntu3.1 [65.1 kB]
Get:9 http://archive.ubuntu.com/ubuntu jammy-updates/main amd64 systemd amd64 249.11-0ubuntu3.12 [4581 kB]
Get:10 http://archive.ubuntu.com/ubuntu jammy-updates/main amd64 udev amd64 249.11-0ubuntu3.12 [1557 kB]
Get:11 http://archive.ubuntu.com/ubuntu jammy-updates/main amd64 libudev1 amd64 249.11-0ubuntu3.12 [78.2 kB]
Get:12 http://archive.ubuntu.com/ubuntu jammy-updates/main amd64 libcryptsetup12 amd64 2:2.4.3-1ubuntu1.2 [211 kB]
Get:13 http://archive.ubuntu.com/ubuntu jammy-updates/main amd64 libip4tc2 amd64 1.8.7-1ubuntu5.2 [19.9 kB]
Get:14 http://archive.ubuntu.com/ubuntu jammy-updates/main amd64 libapt-pkg6.0 amd64 2.4.13 [912 kB]
Get:15 http://archive.ubuntu.com/ubuntu jammy-updates/main amd64 dpkg amd64 1.21.1ubuntu2.3 [1239 kB]
Get:16 http://archive.ubuntu.com/ubuntu jammy-updates/main amd64 apt amd64 2.4.13 [1363 kB]
Get:17 http://archive.ubuntu.com/ubuntu jammy-updates/main amd64 initramfs-tools all 0.140ubuntu13.4 [9042 B]
Get:18 http://archive.ubuntu.com/ubuntu jammy-updates/main amd64 initramfs-tools-core all 0.140ubuntu13.4 [47.8 kB]
Get:19 http://archive.ubuntu.com/ubuntu jammy-updates/main amd64 logsave amd64 1.46.5-2ubuntu1.2 [10.1 kB]
Get:20 http://archive.ubuntu.com/ubuntu jammy-updates/main amd64 libext2fs2 amd64 1.46.5-2ubuntu1.2 [208 kB]
Get:21 http://archive.ubuntu.com/ubuntu jammy-updates/main amd64 e2fsprogs amd64 1.46.5-2ubuntu1.2 [590 kB]
Get:22 http://archive.ubuntu.com/ubuntu jammy-updates/main amd64 initramfs-tools-bin amd64 0.140ubuntu13.4 [9300 B]
Get:23 http://archive.ubuntu.com/ubuntu jammy-updates/main amd64 python3-minimal amd64 3.10.6-1~22.04.1 [24.3 kB]
Get:24 http://archive.ubuntu.com/ubuntu jammy-updates/main amd64 python3 amd64 3.10.6-1~22.04.1 [22.8 kB]
Get:25 http://archive.ubuntu.com/ubuntu jammy-updates/main amd64 libpython3-stdlib amd64 3.10.6-1~22.04.1 [6812 B]
Get:26 http://archive.ubuntu.com/ubuntu jammy-updates/main amd64 libcom-err2 amd64 1.46.5-2ubuntu1.2 [9304 B]
Get:27 http://archive.ubuntu.com/ubuntu jammy-updates/main amd64 libss2 amd64 1.46.5-2ubuntu1.2 [12.3 kB]
Get:28 http://archive.ubuntu.com/ubuntu jammy-updates/main amd64 distro-info-data all 0.52ubuntu0.8 [5302 B]
Get:29 http://archive.ubuntu.com/ubuntu jammy-updates/main amd64 libxtables12 amd64 1.8.7-1ubuntu5.2 [31.3 kB]
Get:30 http://archive.ubuntu.com/ubuntu jammy-updates/main amd64 python-apt-common all 2.4.0ubuntu4 [14.6 kB]
Get:31 http://archive.ubuntu.com/ubuntu jammy-updates/main amd64 python3-apt amd64 2.4.0ubuntu4 [164 kB]
Get:32 http://archive.ubuntu.com/ubuntu jammy-updates/main amd64 tzdata all 2024a-0ubuntu0.22.04.1 [349 kB]
Get:33 http://archive.ubuntu.com/ubuntu jammy-updates/main amd64 python3-distro-info all 1.1ubuntu0.2 [6554 B]
Get:34 http://archive.ubuntu.com/ubuntu jammy-updates/main amd64 ubuntu-release-upgrader-core all 1:22.04.20 [26.2 kB]
Get:35 http://archive.ubuntu.com/ubuntu jammy-updates/main amd64 python3-distupgrade all 1:22.04.20 [106 kB]
Get:36 http://archive.ubuntu.com/ubuntu jammy-updates/main amd64 python3-update-manager all 1:22.04.21 [39.1 kB]
Get:37 http://archive.ubuntu.com/ubuntu jammy-updates/main amd64 python3-problem-report all 2.20.11-0ubuntu82.6 [11.1 kB]
Get:38 http://archive.ubuntu.com/ubuntu jammy-updates/main amd64 python3-apport all 2.20.11-0ubuntu82.6 [89.0 kB]
Get:39 http://archive.ubuntu.com/ubuntu jammy-updates/main amd64 apport all 2.20.11-0ubuntu82.6 [134 kB]
Get:40 http://archive.ubuntu.com/ubuntu jammy-updates/main amd64 cryptsetup-initramfs all 2:2.4.3-1ubuntu1.2 [26.2 kB]
Get:41 http://archive.ubuntu.com/ubuntu jammy-updates/main amd64 cryptsetup-bin amd64 2:2.4.3-1ubuntu1.2 [145 kB]
Get:42 http://archive.ubuntu.com/ubuntu jammy-updates/main amd64 cryptsetup amd64 2:2.4.3-1ubuntu1.2 [193 kB]
Get:43 http://archive.ubuntu.com/ubuntu jammy-updates/restricted amd64 firmware-sof-signed all 2.0-1ubuntu4.7 [1270 kB]
Get:44 http://archive.ubuntu.com/ubuntu jammy-updates/main amd64 libldap-2.5-0 amd64 2.5.18+dfsg-0ubuntu0.22.04.2 [183 kB]
Get:45 http://archive.ubuntu.com/ubuntu jammy-updates/main amd64 libldap-common all 2.5.18+dfsg-0ubuntu0.22.04.2 [15.9 kB]
Get:46 http://archive.ubuntu.com/ubuntu jammy-updates/main amd64 libsgutils2-2 amd64 1.46-1ubuntu0.22.04.1 [99.0 kB]
Get:47 http://archive.ubuntu.com/ubuntu jammy-updates/main amd64 linux-firmware all 20220329.git681281e4-0ubuntu3.36 [312 MB]
Reading package lists... DoneB/312 MB 0%]
Building dependency tree... Done
Reading state information... Done
54 packages can be upgraded. Run 'apt list --upgradable' to see them.
Get:48 http://archive.ubuntu.com/ubuntu jammy-updates/main amd64 sg3-utils amd64 1.46-1ubuntu0.22.04.1 [841 kB]
Get:49 http://archive.ubuntu.com/ubuntu jammy-updates/main amd64 sg3-utils-udev all 1.46-1ubuntu0.22.04.1 [5904 B]
Get:50 http://archive.ubuntu.com/ubuntu jammy-updates/main amd64 snapd amd64 2.66.1+22.04 [27.6 MB]
Get:51 http://archive.ubuntu.com/ubuntu jammy-updates/main amd64 systemd-hwe-hwdb all 249.11.5 [3228 B]
Get:52 http://archive.ubuntu.com/ubuntu jammy-updates/main amd64 thermald amd64 2.4.9-1ubuntu0.4 [222 kB]
Get:53 http://archive.ubuntu.com/ubuntu jammy-updates/main amd64 kpartx amd64 0.8.8-1ubuntu1.22.04.4 [28.8 kB]
Get:54 http://archive.ubuntu.com/ubuntu jammy-updates/main amd64 multipath-tools amd64 0.8.8-1ubuntu1.22.04.4 [331 kB]
Fetched 357 MB in 30s (11.9 MB/s)
debconf: delaying package configuration, since apt-utils is not installed
(Reading database ... 99626 files and directories currently installed.)
Preparing to unpack .../base-files_12ubuntu4.7_amd64.deb ...
Unpacking base-files (12ubuntu4.7) over (12ubuntu4.3) ...
Setting up base-files (12ubuntu4.7) ...
Installing new version of config file /etc/issue ...
Installing new version of config file /etc/issue.net ...
Installing new version of config file /etc/lsb-release ...
Installing new version of config file /etc/update-motd.d/10-help-text ...
motd-news.service is a disabled or a static unit not running, not starting it.
(Reading database ... 99626 files and directories currently installed.)
Preparing to unpack .../coreutils_8.32-4.1ubuntu1.2_amd64.deb ...
Unpacking coreutils (8.32-4.1ubuntu1.2) over (8.32-4.1ubuntu1) ...
Setting up coreutils (8.32-4.1ubuntu1.2) ...
(Reading database ... 99626 files and directories currently installed.)
Preparing to unpack .../systemd-timesyncd_249.11-0ubuntu3.12_amd64.deb ...
Unpacking systemd-timesyncd (249.11-0ubuntu3.12) over (249.11-0ubuntu3.9) ...
Preparing to unpack .../libsystemd0_249.11-0ubuntu3.12_amd64.deb ...
Unpacking libsystemd0:amd64 (249.11-0ubuntu3.12) over (249.11-0ubuntu3.9) ...
Setting up libsystemd0:amd64 (249.11-0ubuntu3.12) ...
(Reading database ... 99626 files and directories currently installed.)
Preparing to unpack .../0-libnss-systemd_249.11-0ubuntu3.12_amd64.deb ...
Unpacking libnss-systemd:amd64 (249.11-0ubuntu3.12) over (249.11-0ubuntu3.9) ...
Preparing to unpack .../1-systemd-sysv_249.11-0ubuntu3.12_amd64.deb ...
Unpacking systemd-sysv (249.11-0ubuntu3.12) over (249.11-0ubuntu3.9) ...
Preparing to unpack .../2-libpam-systemd_249.11-0ubuntu3.12_amd64.deb ...
Unpacking libpam-systemd:amd64 (249.11-0ubuntu3.12) over (249.11-0ubuntu3.9) ...
Preparing to unpack .../3-ifupdown_0.8.36+nmu1ubuntu3.1_amd64.deb ...
Unpacking ifupdown (0.8.36+nmu1ubuntu3.1) over (0.8.36+nmu1ubuntu3) ...
Preparing to unpack .../4-systemd_249.11-0ubuntu3.12_amd64.deb ...
Unpacking systemd (249.11-0ubuntu3.12) over (249.11-0ubuntu3.9) ...
Preparing to unpack .../5-udev_249.11-0ubuntu3.12_amd64.deb ...
Unpacking udev (249.11-0ubuntu3.12) over (249.11-0ubuntu3.9) ...
Preparing to unpack .../6-libudev1_249.11-0ubuntu3.12_amd64.deb ...
Unpacking libudev1:amd64 (249.11-0ubuntu3.12) over (249.11-0ubuntu3.9) ...
Setting up libudev1:amd64 (249.11-0ubuntu3.12) ...
(Reading database ... 99626 files and directories currently installed.)
Preparing to unpack .../libcryptsetup12_2%3a2.4.3-1ubuntu1.2_amd64.deb ...
Unpacking libcryptsetup12:amd64 (2:2.4.3-1ubuntu1.2) over (2:2.4.3-1ubuntu1.1) ...
Preparing to unpack .../libip4tc2_1.8.7-1ubuntu5.2_amd64.deb ...
Unpacking libip4tc2:amd64 (1.8.7-1ubuntu5.2) over (1.8.7-1ubuntu5.1) ...
Preparing to unpack .../libapt-pkg6.0_2.4.13_amd64.deb ...
Unpacking libapt-pkg6.0:amd64 (2.4.13) over (2.4.9) ...
Setting up libapt-pkg6.0:amd64 (2.4.13) ...
(Reading database ... 99626 files and directories currently installed.)
Preparing to unpack .../dpkg_1.21.1ubuntu2.3_amd64.deb ...
Unpacking dpkg (1.21.1ubuntu2.3) over (1.21.1ubuntu2.2) ...
Setting up dpkg (1.21.1ubuntu2.3) ...
dpkg-db-backup.service is a disabled or a static unit not running, not starting it.
(Reading database ... 99626 files and directories currently installed.)
Preparing to unpack .../archives/apt_2.4.13_amd64.deb ...
Unpacking apt (2.4.13) over (2.4.9) ...
Setting up apt (2.4.13) ...
(Reading database ... 99624 files and directories currently installed.)
Preparing to unpack .../initramfs-tools_0.140ubuntu13.4_all.deb ...
Unpacking initramfs-tools (0.140ubuntu13.4) over (0.140ubuntu13.1) ...
Preparing to unpack .../initramfs-tools-core_0.140ubuntu13.4_all.deb ...
Unpacking initramfs-tools-core (0.140ubuntu13.4) over (0.140ubuntu13.1) ...
Preparing to unpack .../logsave_1.46.5-2ubuntu1.2_amd64.deb ...
Unpacking logsave (1.46.5-2ubuntu1.2) over (1.46.5-2ubuntu1.1) ...
Preparing to unpack .../libext2fs2_1.46.5-2ubuntu1.2_amd64.deb ...
Unpacking libext2fs2:amd64 (1.46.5-2ubuntu1.2) over (1.46.5-2ubuntu1.1) ...
Setting up libext2fs2:amd64 (1.46.5-2ubuntu1.2) ...
(Reading database ... 99624 files and directories currently installed.)
Preparing to unpack .../e2fsprogs_1.46.5-2ubuntu1.2_amd64.deb ...
Unpacking e2fsprogs (1.46.5-2ubuntu1.2) over (1.46.5-2ubuntu1.1) ...
Preparing to unpack .../initramfs-tools-bin_0.140ubuntu13.4_amd64.deb ...
Unpacking initramfs-tools-bin (0.140ubuntu13.4) over (0.140ubuntu13.1) ...
Preparing to unpack .../python3-minimal_3.10.6-1~22.04.1_amd64.deb ...
Unpacking python3-minimal (3.10.6-1~22.04.1) over (3.10.6-1~22.04) ...
Setting up python3-minimal (3.10.6-1~22.04.1) ...
(Reading database ... 99624 files and directories currently installed.)
Preparing to unpack .../python3_3.10.6-1~22.04.1_amd64.deb ...
running python pre-rtupdate hooks for python3.10...
Unpacking python3 (3.10.6-1~22.04.1) over (3.10.6-1~22.04) ...
Preparing to unpack .../libpython3-stdlib_3.10.6-1~22.04.1_amd64.deb ...
Unpacking libpython3-stdlib:amd64 (3.10.6-1~22.04.1) over (3.10.6-1~22.04) ...
Preparing to unpack .../libcom-err2_1.46.5-2ubuntu1.2_amd64.deb ...
Unpacking libcom-err2:amd64 (1.46.5-2ubuntu1.2) over (1.46.5-2ubuntu1.1) ...
Setting up libcom-err2:amd64 (1.46.5-2ubuntu1.2) ...
(Reading database ... 99624 files and directories currently installed.)
Preparing to unpack .../00-libss2_1.46.5-2ubuntu1.2_amd64.deb ...
Unpacking libss2:amd64 (1.46.5-2ubuntu1.2) over (1.46.5-2ubuntu1.1) ...
Preparing to unpack .../01-distro-info-data_0.52ubuntu0.8_all.deb ...
Unpacking distro-info-data (0.52ubuntu0.8) over (0.52ubuntu0.7) ...
Preparing to unpack .../02-libxtables12_1.8.7-1ubuntu5.2_amd64.deb ...
Unpacking libxtables12:amd64 (1.8.7-1ubuntu5.2) over (1.8.7-1ubuntu5.1) ...
Preparing to unpack .../03-python-apt-common_2.4.0ubuntu4_all.deb ...
Unpacking python-apt-common (2.4.0ubuntu4) over (2.4.0ubuntu1) ...
Preparing to unpack .../04-python3-apt_2.4.0ubuntu4_amd64.deb ...
Unpacking python3-apt (2.4.0ubuntu4) over (2.4.0ubuntu1) ...
Preparing to unpack .../05-tzdata_2024a-0ubuntu0.22.04.1_all.deb ...
Unpacking tzdata (2024a-0ubuntu0.22.04.1) over (2024a-0ubuntu0.22.04) ...
Preparing to unpack .../06-python3-distro-info_1.1ubuntu0.2_all.deb ...
Unpacking python3-distro-info (1.1ubuntu0.2) over (1.1build1) ...
Preparing to unpack .../07-ubuntu-release-upgrader-core_1%3a22.04.20_all.deb ...
Unpacking ubuntu-release-upgrader-core (1:22.04.20) over (1:22.04.16) ...
Preparing to unpack .../08-python3-distupgrade_1%3a22.04.20_all.deb ...
Unpacking python3-distupgrade (1:22.04.20) over (1:22.04.16) ...
Preparing to unpack .../09-python3-update-manager_1%3a22.04.21_all.deb ...
Unpacking python3-update-manager (1:22.04.21) over (1:22.04.10) ...
Preparing to unpack .../10-python3-problem-report_2.20.11-0ubuntu82.6_all.deb ...
Unpacking python3-problem-report (2.20.11-0ubuntu82.6) over (2.20.11-0ubuntu82.5) ...
Preparing to unpack .../11-python3-apport_2.20.11-0ubuntu82.6_all.deb ...
Unpacking python3-apport (2.20.11-0ubuntu82.6) over (2.20.11-0ubuntu82.5) ...
Preparing to unpack .../12-apport_2.20.11-0ubuntu82.6_all.deb ...
Unpacking apport (2.20.11-0ubuntu82.6) over (2.20.11-0ubuntu82.5) ...
Preparing to unpack .../13-cryptsetup-initramfs_2%3a2.4.3-1ubuntu1.2_all.deb ...
debconf: unable to initialize frontend: Dialog
debconf: (No usable dialog-like program is installed, so the dialog based frontend cannot be used. at /usr/share/perl5/Debconf/FrontEnd/Dialog.pm line 78.)
debconf: falling back to frontend: Readline
Unpacking cryptsetup-initramfs (2:2.4.3-1ubuntu1.2) over (2:2.4.3-1ubuntu1.1) ...
Preparing to unpack .../14-cryptsetup-bin_2%3a2.4.3-1ubuntu1.2_amd64.deb ...
Unpacking cryptsetup-bin (2:2.4.3-1ubuntu1.2) over (2:2.4.3-1ubuntu1.1) ...
Preparing to unpack .../15-cryptsetup_2%3a2.4.3-1ubuntu1.2_amd64.deb ...
debconf: unable to initialize frontend: Dialog
debconf: (No usable dialog-like program is installed, so the dialog based frontend cannot be used. at /usr/share/perl5/Debconf/FrontEnd/Dialog.pm line 78.)
debconf: falling back to frontend: Readline
Unpacking cryptsetup (2:2.4.3-1ubuntu1.2) over (2:2.4.3-1ubuntu1.1) ...
Preparing to unpack .../16-firmware-sof-signed_2.0-1ubuntu4.7_all.deb ...
Unpacking firmware-sof-signed (2.0-1ubuntu4.7) over (2.0-1ubuntu4.1) ...
Preparing to unpack .../17-libldap-2.5-0_2.5.18+dfsg-0ubuntu0.22.04.2_amd64.deb ...
Unpacking libldap-2.5-0:amd64 (2.5.18+dfsg-0ubuntu0.22.04.2) over (2.5.16+dfsg-0ubuntu0.22.04.2) ...
Preparing to unpack .../18-libldap-common_2.5.18+dfsg-0ubuntu0.22.04.2_all.deb ...
Unpacking libldap-common (2.5.18+dfsg-0ubuntu0.22.04.2) over (2.5.16+dfsg-0ubuntu0.22.04.2) ...
Preparing to unpack .../19-libsgutils2-2_1.46-1ubuntu0.22.04.1_amd64.deb ...
Unpacking libsgutils2-2:amd64 (1.46-1ubuntu0.22.04.1) over (1.46-1build1) ...
Preparing to unpack .../20-linux-firmware_20220329.git681281e4-0ubuntu3.36_all.deb ...
Unpacking linux-firmware (20220329.git681281e4-0ubuntu3.36) over (20220329.git681281e4-0ubuntu3.35) ...
Preparing to unpack .../21-sg3-utils_1.46-1ubuntu0.22.04.1_amd64.deb ...
Unpacking sg3-utils (1.46-1ubuntu0.22.04.1) over (1.46-1build1) ...
Preparing to unpack .../22-sg3-utils-udev_1.46-1ubuntu0.22.04.1_all.deb ...
Unpacking sg3-utils-udev (1.46-1ubuntu0.22.04.1) over (1.46-1build1) ...
Preparing to unpack .../23-snapd_2.66.1+22.04_amd64.deb ...
Unpacking snapd (2.66.1+22.04) over (2.63+22.04ubuntu0.1) ...
Preparing to unpack .../24-systemd-hwe-hwdb_249.11.5_all.deb ...
Unpacking systemd-hwe-hwdb (249.11.5) over (249.11.3) ...
Preparing to unpack .../25-thermald_2.4.9-1ubuntu0.4_amd64.deb ...
Unpacking thermald (2.4.9-1ubuntu0.4) over (2.4.9-1ubuntu0.2) ...
Preparing to unpack .../26-kpartx_0.8.8-1ubuntu1.22.04.4_amd64.deb ...
Unpacking kpartx (0.8.8-1ubuntu1.22.04.4) over (0.8.8-1ubuntu1.22.04.1) ...
Preparing to unpack .../27-multipath-tools_0.8.8-1ubuntu1.22.04.4_amd64.deb ...
Unpacking multipath-tools (0.8.8-1ubuntu1.22.04.4) over (0.8.8-1ubuntu1.22.04.1) ...
Setting up libip4tc2:amd64 (1.8.7-1ubuntu5.2) ...
Setting up libsgutils2-2:amd64 (1.46-1ubuntu0.22.04.1) ...
Setting up linux-firmware (20220329.git681281e4-0ubuntu3.36) ...
update-initramfs: Generating /boot/initrd.img-5.15.0-130-generic
update-initramfs: Generating /boot/initrd.img-5.15.0-75-generic
Setting up distro-info-data (0.52ubuntu0.8) ...
Setting up firmware-sof-signed (2.0-1ubuntu4.7) ...
Setting up libldap-common (2.5.18+dfsg-0ubuntu0.22.04.2) ...
Setting up libldap-2.5-0:amd64 (2.5.18+dfsg-0ubuntu0.22.04.2) ...
Setting up tzdata (2024a-0ubuntu0.22.04.1) ...
debconf: unable to initialize frontend: Dialog
debconf: (No usable dialog-like program is installed, so the dialog based frontend cannot be used. at /usr/share/perl5/Debconf/FrontEnd/Dialog.pm line 78.)
debconf: falling back to frontend: Readline

Current default time zone: 'Europe/Berlin'
Local time is now:      Sun Jan 12 11:13:14 CET 2025.
Universal Time is now:  Sun Jan 12 10:13:14 UTC 2025.
Run 'dpkg-reconfigure tzdata' if you wish to change it.

Setting up ifupdown (0.8.36+nmu1ubuntu3.1) ...
Installing new version of config file /etc/network/if-down.d/resolved ...
Installing new version of config file /etc/network/if-up.d/resolved ...
Setting up udev (249.11-0ubuntu3.12) ...
Setting up libss2:amd64 (1.46.5-2ubuntu1.2) ...
Setting up libxtables12:amd64 (1.8.7-1ubuntu5.2) ...
Setting up logsave (1.46.5-2ubuntu1.2) ...
Setting up systemd-hwe-hwdb (249.11.5) ...
Setting up python-apt-common (2.4.0ubuntu4) ...
Setting up kpartx (0.8.8-1ubuntu1.22.04.4) ...
Setting up libcryptsetup12:amd64 (2:2.4.3-1ubuntu1.2) ...
Setting up thermald (2.4.9-1ubuntu0.4) ...
Setting up libpython3-stdlib:amd64 (3.10.6-1~22.04.1) ...
Setting up sg3-utils (1.46-1ubuntu0.22.04.1) ...
Setting up initramfs-tools-bin (0.140ubuntu13.4) ...
Setting up cryptsetup-bin (2:2.4.3-1ubuntu1.2) ...
Setting up cryptsetup (2:2.4.3-1ubuntu1.2) ...
debconf: unable to initialize frontend: Dialog
debconf: (No usable dialog-like program is installed, so the dialog based frontend cannot be used. at /usr/share/perl5/Debconf/FrontEnd/Dialog.pm line 78.)
debconf: falling back to frontend: Readline
Setting up e2fsprogs (1.46.5-2ubuntu1.2) ...
update-initramfs: deferring update (trigger activated)
e2scrub_all.service is a disabled or a static unit not running, not starting it.
Setting up python3 (3.10.6-1~22.04.1) ...
running python rtupdate hooks for python3.10...
running python post-rtupdate hooks for python3.10...
Setting up systemd (249.11-0ubuntu3.12) ...
Setting up systemd-timesyncd (249.11-0ubuntu3.12) ...
Setting up initramfs-tools-core (0.140ubuntu13.4) ...
Setting up python3-distro-info (1.1ubuntu0.2) ...
Setting up snapd (2.66.1+22.04) ...
Installing new version of config file /etc/apparmor.d/usr.lib.snapd.snap-confine.real ...
snapd.failure.service is a disabled or a static unit not running, not starting it.
snapd.snap-repair.service is a disabled or a static unit not running, not starting it.
Setting up systemd-sysv (249.11-0ubuntu3.12) ...
Setting up initramfs-tools (0.140ubuntu13.4) ...
update-initramfs: deferring update (trigger activated)
Setting up python3-problem-report (2.20.11-0ubuntu82.6) ...
Setting up python3-apt (2.4.0ubuntu4) ...
Setting up libnss-systemd:amd64 (249.11-0ubuntu3.12) ...
Setting up sg3-utils-udev (1.46-1ubuntu0.22.04.1) ...
debconf: unable to initialize frontend: Dialog
debconf: (No usable dialog-like program is installed, so the dialog based frontend cannot be used. at /usr/share/perl5/Debconf/FrontEnd/Dialog.pm line 78.)
debconf: falling back to frontend: Readline
update-initramfs: deferring update (trigger activated)
Setting up python3-apport (2.20.11-0ubuntu82.6) ...
Setting up libpam-systemd:amd64 (249.11-0ubuntu3.12) ...
debconf: unable to initialize frontend: Dialog
debconf: (No usable dialog-like program is installed, so the dialog based frontend cannot be used. at /usr/share/perl5/Debconf/FrontEnd/Dialog.pm line 78.)
debconf: falling back to frontend: Readline
Setting up cryptsetup-initramfs (2:2.4.3-1ubuntu1.2) ...
debconf: unable to initialize frontend: Dialog
debconf: (No usable dialog-like program is installed, so the dialog based frontend cannot be used. at /usr/share/perl5/Debconf/FrontEnd/Dialog.pm line 78.)
debconf: falling back to frontend: Readline
update-initramfs: deferring update (trigger activated)
Setting up apport (2.20.11-0ubuntu82.6) ...
apport-autoreport.service is a disabled or a static unit, not starting it.
Setting up multipath-tools (0.8.8-1ubuntu1.22.04.4) ...
The warning about having to reload systemd units can be safely ignored. Please see LP: #2035098 for details.
Could not execute systemctl:  at /usr/bin/deb-systemd-invoke line 142.
Removing obsolete conffile /etc/init.d/multipath-tools ...
Setting up python3-distupgrade (1:22.04.20) ...
Setting up ubuntu-release-upgrader-core (1:22.04.20) ...
Setting up python3-update-manager (1:22.04.21) ...
Processing triggers for libc-bin (2.35-0ubuntu3.8) ...
Processing triggers for dbus (1.12.20-2ubuntu4.1) ...
Processing triggers for initramfs-tools (0.140ubuntu13.4) ...
update-initramfs: Generating /boot/initrd.img-5.15.0-130-generic
debconf: unable to initialize frontend: Dialog
debconf: (No usable dialog-like program is installed, so the dialog based frontend cannot be used. at /usr/share/perl5/Debconf/FrontEnd/Dialog.pm line 78.)
debconf: falling back to frontend: Readline
Scanning processes...
Scanning candidates...
Scanning linux images...
Pending kernel upgrade
----------------------

Newer kernel available

The currently running kernel version is 5.15.0-75-generic which is not the expected kernel version 5.15.0-130-generic.

Restarting the system to load the new kernel will not be handled automatically, so you should consider rebooting.


Restarting services...
Daemons using outdated libraries
--------------------------------

  1. dbus.service                 4. qemu-guest-agent.service  7. systemd-manager              10. none of the above
  2. getty@tty1.service           5. ssh.service               8. unattended-upgrades.service
  3. networkd-dispatcher.service  6. systemd-logind.service    9. user@0.service

(Enter the items or ranges you want to select, separated by spaces.)

Which services should be restarted?

Service restarts being deferred:
 /etc/needrestart/restart.d/dbus.service
 systemctl restart getty@tty1.service
 systemctl restart networkd-dispatcher.service
 systemctl restart qemu-guest-agent.service
 systemctl restart ssh.service
 systemctl restart systemd-logind.service
 /etc/needrestart/restart.d/systemd-manager
 systemctl restart unattended-upgrades.service
 systemctl restart user@0.service

No containers need to be restarted.

No user sessions are running outdated binaries.

No VM guests are running outdated hypervisor (qemu) binaries on this host.
[1]+  Done                    apt update
root@matrix:~#
root@matrix:~#
root@matrix:~#
root@matrix:~# echo 1 > /proc/sys/net/ipv4/ip_forward
root@matrix:~#
root@matrix:~# nano /etc/sysctl.conf
-bash: nano: command not found
root@matrix:~# apt install nano
Reading package lists... Done
Building dependency tree... Done
Reading state information... Done
Suggested packages:
  hunspell
The following NEW packages will be installed:
  nano
0 upgraded, 1 newly installed, 0 to remove and 0 not upgraded.
Need to get 280 kB of archives.
After this operation, 881 kB of additional disk space will be used.
Get:1 http://archive.ubuntu.com/ubuntu jammy-updates/main amd64 nano amd64 6.2-1ubuntu0.1 [280 kB]
Fetched 280 kB in 0s (1387 kB/s)
debconf: delaying package configuration, since apt-utils is not installed
Selecting previously unselected package nano.
(Reading database ... 99673 files and directories currently installed.)
Preparing to unpack .../nano_6.2-1ubuntu0.1_amd64.deb ...
Unpacking nano (6.2-1ubuntu0.1) ...
Setting up nano (6.2-1ubuntu0.1) ...
update-alternatives: using /bin/nano to provide /usr/bin/editor (editor) in auto mode
update-alternatives: warning: skip creation of /usr/share/man/man1/editor.1.gz because associated file /usr/share/man/man1/nano.1.gz (of link group editor) doesn't exist
update-alternatives: using /bin/nano to provide /usr/bin/pico (pico) in auto mode
update-alternatives: warning: skip creation of /usr/share/man/man1/pico.1.gz because associated file /usr/share/man/man1/nano.1.gz (of link group pico) doesn't exist
debconf: unable to initialize frontend: Dialog
debconf: (No usable dialog-like program is installed, so the dialog based frontend cannot be used. at /usr/share/perl5/Debconf/FrontEnd/Dialog.pm line 78.)
debconf: falling back to frontend: Readline
Scanning processes...
Scanning candidates...
Scanning linux images...
Pending kernel upgrade
----------------------

Newer kernel available

The currently running kernel version is 5.15.0-75-generic which is not the expected kernel version 5.15.0-130-generic.

Restarting the system to load the new kernel will not be handled automatically, so you should consider rebooting.


Restarting services...
Daemons using outdated libraries
--------------------------------

  1. dbus.service                 4. qemu-guest-agent.service  7. systemd-manager              10. none of the above
  2. getty@tty1.service           5. ssh.service               8. unattended-upgrades.service
  3. networkd-dispatcher.service  6. systemd-logind.service    9. user@0.service

(Enter the items or ranges you want to select, separated by spaces.)

Which services should be restarted?

Service restarts being deferred:
 /etc/needrestart/restart.d/dbus.service
 systemctl restart getty@tty1.service
 systemctl restart networkd-dispatcher.service
 systemctl restart qemu-guest-agent.service
 systemctl restart ssh.service
 systemctl restart systemd-logind.service
 /etc/needrestart/restart.d/systemd-manager
 systemctl restart unattended-upgrades.service
 systemctl restart user@0.service

No containers need to be restarted.

No user sessions are running outdated binaries.

No VM guests are running outdated hypervisor (qemu) binaries on this host.
root@matrix:~#
root@matrix:~# nano /etc/sysctl.conf
root@matrix:~#
root@matrix:~# useradd -G sudo -m vpnadmin -s /bin/bash
root@matrix:~# passwd vpnadmin
New password:
Retype new password:
passwd: password updated successfully
root@matrix:~#
root@matrix:~# apt install stunnel
Reading package lists... Done
Building dependency tree... Done
Reading state information... Done
Note, selecting 'stunnel4' instead of 'stunnel'
Suggested packages:
  logcheck-database
The following NEW packages will be installed:
  stunnel4
0 upgraded, 1 newly installed, 0 to remove and 0 not upgraded.
Need to get 215 kB of archives.
After this operation, 569 kB of additional disk space will be used.
Get:1 http://archive.ubuntu.com/ubuntu jammy/universe amd64 stunnel4 amd64 3:5.63-1build1 [215 kB]
Fetched 215 kB in 0s (1158 kB/s)
debconf: delaying package configuration, since apt-utils is not installed
Selecting previously unselected package stunnel4.
(Reading database ... 99746 files and directories currently installed.)
Preparing to unpack .../stunnel4_3%3a5.63-1build1_amd64.deb ...
Unpacking stunnel4 (3:5.63-1build1) ...
Setting up stunnel4 (3:5.63-1build1) ...
Creating group stunnel4 with gid 999.
Creating user stunnel4 (stunnel service system account) with uid 999 and gid 999.
Created symlink /etc/systemd/system/multi-user.target.wants/stunnel.target → /lib/systemd/system/stunnel.target.
debconf: unable to initialize frontend: Dialog
debconf: (No usable dialog-like program is installed, so the dialog based frontend cannot be used. at /usr/share/perl5/Debconf/FrontEnd/Dialog.pm line 78.)
debconf: falling back to frontend: Readline
Scanning processes...
Scanning candidates...
Scanning linux images...
Pending kernel upgrade
----------------------

Newer kernel available

The currently running kernel version is 5.15.0-75-generic which is not the expected kernel version 5.15.0-130-generic.

Restarting the system to load the new kernel will not be handled automatically, so you should consider rebooting.


Restarting services...
Daemons using outdated libraries
--------------------------------

  1. dbus.service                 4. qemu-guest-agent.service  7. systemd-manager              10. none of the above
  2. getty@tty1.service           5. ssh.service               8. unattended-upgrades.service
  3. networkd-dispatcher.service  6. systemd-logind.service    9. user@0.service

(Enter the items or ranges you want to select, separated by spaces.)

Which services should be restarted?

Service restarts being deferred:
 /etc/needrestart/restart.d/dbus.service
 systemctl restart getty@tty1.service
 systemctl restart networkd-dispatcher.service
 systemctl restart qemu-guest-agent.service
 systemctl restart ssh.service
 systemctl restart systemd-logind.service
 /etc/needrestart/restart.d/systemd-manager
 systemctl restart unattended-upgrades.service
 systemctl restart user@0.service

No containers need to be restarted.

No user sessions are running outdated binaries.

No VM guests are running outdated hypervisor (qemu) binaries on this host.
root@matrix:~#
root@matrix:~#
root@matrix:~# cd /etc/stunnel
root@matrix:/etc/stunnel# nano stunnel.conf
root@matrix:/etc/stunnel#
root@matrix:/etc/stunnel# nano stunnel.conf
root@matrix:/etc/stunnel#
root@matrix:/etc/stunnel# sftp root@66.151.40.171
The authenticity of host '66.151.40.171 (66.151.40.171)' can't be established.
ED25519 key fingerprint is SHA256:/jODGwdbTbut+a/E3v2qBGJ7lUSugZxjBVbIM4jLBp0.
This key is not known by any other names
Are you sure you want to continue connecting (yes/no/[fingerprint])? yes
Warning: Permanently added '66.151.40.171' (ED25519) to the list of known hosts.
root@66.151.40.171's password:
Connected to 66.151.40.171.
sftp> cd /etc/stunnel/keys
sftp> get clientcert.pem
Fetching /etc/stunnel/keys/clientcert.pem to clientcert.pem
clientcert.pem                                                                        100% 1939    58.3KB/s   00:00
sftp> get clientkey.pem
Fetching /etc/stunnel/keys/clientkey.pem to clientkey.pem
clientkey.pem                                                                         100% 3272    84.8KB/s   00:00
sftp> get server.crt
Fetching /etc/stunnel/keys/server.crt to server.crt
server.crt                                                                            100% 1939    57.0KB/s   00:00
sftp> exit
root@matrix:/etc/stunnel#
root@matrix:/etc/stunnel# stunnel stunnel.conf
root@matrix:/etc/stunnel# apt install cron -y
Reading package lists... Done
Building dependency tree... Done
Reading state information... Done
Suggested packages:
  anacron logrotate checksecurity default-mta | mail-transport-agent
The following NEW packages will be installed:
  cron
0 upgraded, 1 newly installed, 0 to remove and 0 not upgraded.
Need to get 73.7 kB of archives.
After this operation, 261 kB of additional disk space will be used.
Get:1 http://archive.ubuntu.com/ubuntu jammy/main amd64 cron amd64 3.0pl1-137ubuntu3 [73.7 kB]
Fetched 73.7 kB in 0s (537 kB/s)
debconf: delaying package configuration, since apt-utils is not installed
Selecting previously unselected package cron.
(Reading database ... 99790 files and directories currently installed.)
Preparing to unpack .../cron_3.0pl1-137ubuntu3_amd64.deb ...
Unpacking cron (3.0pl1-137ubuntu3) ...
Setting up cron (3.0pl1-137ubuntu3) ...
Adding group `crontab' (GID 113) ...
Done.
Created symlink /etc/systemd/system/multi-user.target.wants/cron.service → /lib/systemd/system/cron.service.
debconf: unable to initialize frontend: Dialog
debconf: (No usable dialog-like program is installed, so the dialog based frontend cannot be used. at /usr/share/perl5/Debconf/FrontEnd/Dialog.pm line 78.)
debconf: falling back to frontend: Readline
Scanning processes...
Scanning candidates...
Scanning linux images...
Pending kernel upgrade
----------------------

Newer kernel available

The currently running kernel version is 5.15.0-75-generic which is not the expected kernel version 5.15.0-130-generic.

Restarting the system to load the new kernel will not be handled automatically, so you should consider rebooting.


Restarting services...
Daemons using outdated libraries
--------------------------------

  1. dbus.service                 4. qemu-guest-agent.service  7. systemd-manager              10. none of the above
  2. getty@tty1.service           5. ssh.service               8. unattended-upgrades.service
  3. networkd-dispatcher.service  6. systemd-logind.service    9. user@0.service

(Enter the items or ranges you want to select, separated by spaces.)

Which services should be restarted?

Service restarts being deferred:
 /etc/needrestart/restart.d/dbus.service
 systemctl restart getty@tty1.service
 systemctl restart networkd-dispatcher.service
 systemctl restart qemu-guest-agent.service
 systemctl restart ssh.service
 systemctl restart systemd-logind.service
 /etc/needrestart/restart.d/systemd-manager
 systemctl restart unattended-upgrades.service
 systemctl restart user@0.service

No containers need to be restarted.

No user sessions are running outdated binaries.

No VM guests are running outdated hypervisor (qemu) binaries on this host.
root@matrix:/etc/stunnel#
root@matrix:/etc/stunnel# crontab -e
no crontab for root - using an empty one

Select an editor.  To change later, run 'select-editor'.
  1. /bin/nano        <---- easiest
  2. /usr/bin/vim.basic

Choose 1-2 [1]: 1
crontab: installing new crontab
root@matrix:/etc/stunnel#
root@matrix:/etc/stunnel# cd /usr/share/easy-rsa/keys
-bash: cd: /usr/share/easy-rsa/keys: No such file or directory
root@matrix:/etc/stunnel#

